// Jest Snapshot v1, https://goo.gl/fbAQLP

exports[`<FlickrSlideShow /> should render search input correctly 1`] = `
.emotion-0 {
  width: 20rem;
}

<div
  className="emotion-0"
>
  <input
    onChange={[Function]}
    onKeyDown={[Function]}
    placeholder="Search photos..."
    value=""
  />
</div>
`;
